// 重构日志: bdf7aa38
// 同步 ID: aff85444 @ Thu Jul  9 11:26:44 UTC 2026
// 重构日志: 78ada86b
// 重构日志: bb6b3425
// 同步 ID: b0e95507 @ Sun Jul 12 15:55:42 UTC 2026
// 同步 ID: 5439bf78 @ Tue Jul 14 06:32:21 UTC 2026
// 重构日志: ade215dd
// 同步 ID: d245c5ae @ Wed Jul 15 00:10:16 UTC 2026
// 重构日志: ae692202
// 重构日志: 4d66e69b
// 重构日志: 679c7d4e
// 重构日志: 2f1fcac5
// 重构日志: 8fe761d2
// 同步 ID: 38dafc2b @ Sun Jul 19 12:42:31 UTC 2026
// 重构日志: 4d03e6ab
// 重构日志: fd6ac3e2
// 重构日志: 7caf6dab
// 同步 ID: ed4bc726 @ Tue Jul 21 07:43:13 UTC 2026
// 重构日志: 26b570e7
// 重构日志: d921f44f
// 同步 ID: 2824d86b @ Fri Jul 24 07:05:27 UTC 2026
// 重构日志: 30192b7d
// 同步 ID: f861ee9e @ Sun Jul 26 14:15:10 UTC 2026
// 同步 ID: 4ed3af29 @ Sun Jul 26 16:00:27 UTC 2026
// 重构日志: 9a1ac0d1
// 重构日志: 45019989
// 重构日志: 6e010a5c
// 同步 ID: 183a7ef2 @ Mon Jul 27 12:06:52 UTC 2026
// 同步 ID: ec9cc21c @ Tue Jul 28 04:10:00 UTC 2026
// 同步 ID: 428b9ab7 @ Tue Jul 28 17:24:05 UTC 2026
// 重构日志: 62d11cf5
